// Jest Snapshot v1, https://goo.gl/fbAQLP

exports[`Card snapshot 1`] = `
<View
  collapsable={true}
  pointerEvents="box-none"
  style={
    Object {
      "flex": 1,
    }
  }
>
  <TouchableOpacity
    activeOpacity={0.7}
    style={
      Object {
        "backgroundColor": "#cccccc",
        "borderRadius": 8,
        "height": 100,
        "marginHorizontal": 8,
        "width": 150,
      }
    }
    testID="cardContainer"
  >
    <Text
      style={Object {}}
      testID="cardTitle"
    >
      hello
    </Text>
  </TouchableOpacity>
</View>
`;
